
> jetblue-clone@0.1.0 build
> next build

Ôû▓ Next.js 16.1.6 (Turbopack)
- Environments: .env.local

  Creating an optimized production build ...
Ô£ô Compiled successfully in 7.0s
  Running TypeScript ...
  Collecting page data using 11 workers ...
Initializing Modular Database...
Database Initialization Complete.
Initializing Modular Database...
Database Initialization Complete.
Initializing Modular Database...
Database Initialization Complete.
Initializing Modular Database...
Database Initialization Complete.
Initializing Modular Database...
Database Initialization Complete.
Initializing Modular Database...
Database Initialization Complete.
Initializing Modular Database...
Database Initialization Complete.
Initializing Modular Database...
Database Initialization Complete.
Initializing Modular Database...
Database Initialization Complete.
Initializing Modular Database...
Database Initialization Complete.
  Generating static pages using 11 workers (0/32) ...
  Generating static pages using 11 workers (8/32) 
  Generating static pages using 11 workers (16/32) 
  Generating static pages using 11 workers (24/32) 
node.exe : Error 
occurred prerendering 
page "/". Read more: ht
tps://nextjs.org/docs/m
essages/prerender-error
En línea: 1 Carácter: 1
+ & "C:\Program 
Files\nodejs/node.exe" 
"C:\Program 
Files\nodejs/node_mo 
...
+ ~~~~~~~~~~~~~~~~~~~~~
~~~~~~~~~~~~~~~~~~~~~~~
~~~~~~~~~~~~~~~~~~~~~~~
~~
    + CategoryInfo     
         : NotSpecifi  
  ed: (Error occurre   
 d ...prerender-err    
or:String) [], Rem    
oteException
    + FullyQualifiedEr 
   rorId : NativeComm  
  andError
 
Error: Attempted to 
call useAuth() from 
the server but useAuth 
is on the client. It's 
not possible to invoke 
a client function from 
the server, it can 
only be rendered as a 
Component or passed to 
props of a Client 
Component.
    at <unknown> (C:\Us
ers\luche\.gemini\antig
ravity\scratch\jetblue-
clone\.next\server\chun
ks\ssr\_461a45cb._.js:1
:2207)
    at e (C:\Users\luch
e\.gemini\antigravity\s
cratch\jetblue-clone\.n
ext\server\chunks\ssr\[
root-of-the-server]__d5
940a36._.js:1:3261)
    at stringify 
(<anonymous>) {
  digest: '3683559074'
}
Export encountered an 
error on /page: /, 
exiting the build.
Ô¿» Next.js build 
worker exited with 
code: 1 and signal: 
null
