--- Testing Backend Logic ---
Created booking ID: 6 Reference: TEST82
Testing action: pay...
node : 
En línea: 1 Carácter: 1
+ node 
scripts\test-logic.js 
> test-output.log 2>&1
+ ~~~~~~~~~~~~~~~~~~~~~
~~~~~~~~~~~~~~~~~~~~~~~
~~~~~
    + CategoryInfo     
         : NotSpecifi  
  ed: (:String) [],    
 RemoteException
    + FullyQualifiedEr 
   rorId : NativeComm  
  andError
 
C:\Users\luche\.gemini\
antigravity\scratch\jet
blue-clone\node_modules
\better-sqlite3\lib\met
hods\wrappers.js:5
	return this[cppdb].pre
pare(sql, this, false);
	                   ^
SqliteError: no such 
column: "Confirmado" - 
should this be a 
string literal in 
single-quotes?
    at 
Database.prepare (C:\Us
ers\luche\.gemini\antig
ravity\scratch\jetblue-
clone\node_modules\bett
er-sqlite3\lib\methods\
wrappers.js:5:21)
    at patchAction (C:\
Users\luche\.gemini\ant
igravity\scratch\jetblu
e-clone\scripts\test-lo
gic.js:34:16)
    at testBackend (C:\
Users\luche\.gemini\ant
igravity\scratch\jetblu
e-clone\scripts\test-lo
gic.js:50:20)
    at 
Object.<anonymous> (C:\
Users\luche\.gemini\ant
igravity\scratch\jetblu
e-clone\scripts\test-lo
gic.js:77:1)
    at Module._compile 
(node:internal/modules/
cjs/loader:1812:14)
    at Object..js (node
:internal/modules/cjs/l
oader:1943:10)
    at Module.load (nod
e:internal/modules/cjs/
loader:1533:32)
    at Module._load (no
de:internal/modules/cjs
/loader:1335:12)
    at wrapModuleLoad (
node:internal/modules/c
js/loader:255:19)
    at Module.executeUs
erEntryPoint [as 
runMain] (node:internal
/modules/run_main:154:5
) {
  code: 'SQLITE_ERROR'
}

Node.js v24.14.0
